../Core/Src/main.c:85:5:main	16	static
../Core/Src/main.c:205:6:SystemClock_Config	88	static
../Core/Src/main.c:252:13:MX_USART2_UART_Init	8	static
../Core/Src/main.c:285:13:MX_USART6_UART_Init	8	static
../Core/Src/main.c:318:13:MX_GPIO_Init	48	static
../Core/Src/main.c:361:6:MQTT_Connect	544	static
../Core/Src/main.c:399:6:MQTT_Publish	552	static
../Core/Src/main.c:438:6:send_at_command	16	static
../Core/Src/main.c:449:6:HAL_UART_RxCpltCallback	16	static
../Core/Src/main.c:460:6:WiFi_Init	8	static
../Core/Src/main.c:476:6:Error_Handler	4	static,ignoring_inline_asm
